#-----------------------------------------------------------
# Vivado v2021.2 (64-bit)
# SW Build 3367213 on Tue Oct 19 02:48:09 MDT 2021
# IP Build 3369179 on Thu Oct 21 08:25:16 MDT 2021
# Start of session at: Wed May  7 10:28:41 2025
# Process ID: 15680
# Current directory: C:/Users/mapam/Documents/Polytech/ETN/S8/SOPC/projetTableauScorev3/projetTableauScore/projetTableauScore.runs/impl_1
# Command line: vivado.exe -log chronometer.vdi -applog -product Vivado -messageDb vivado.pb -mode batch -source chronometer.tcl -notrace
# Log file: C:/Users/mapam/Documents/Polytech/ETN/S8/SOPC/projetTableauScorev3/projetTableauScore/projetTableauScore.runs/impl_1/chronometer.vdi
# Journal file: C:/Users/mapam/Documents/Polytech/ETN/S8/SOPC/projetTableauScorev3/projetTableauScore/projetTableauScore.runs/impl_1\vivado.jou
# Running On: MAPNitro5, OS: Windows, CPU Frequency: 2304 MHz, CPU Physical cores: 8, Host memory: 16948 MB
#-----------------------------------------------------------
source chronometer.tcl -notrace
